[themesflat.com/html/modaz/index.html]
[backblue.gif]
[fade.gif]
[index.html]
[themesflat.com/html/modaz/icon/favicon.png]
[themesflat.com/html/modaz/images/logo.png]
[themesflat.com/html/modaz/index-v2.html]
[themesflat.com/html/modaz/index-v3.html]
[themesflat.com/html/modaz/index-v4.html]
[themesflat.com/html/modaz/index-v6.html]
[themesflat.com/html/modaz/index-v5.html]
[themesflat.com/html/modaz/index-v7.html]
[themesflat.com/html/modaz/index-v8.html]
[themesflat.com/html/modaz/index-v9.html]
[themesflat.com/html/modaz/index-v10.html]
[themesflat.com/html/modaz/shop-3col.html]
[themesflat.com/html/modaz/shop-4col.html]
[themesflat.com/html/modaz/shop-5col.html]
[themesflat.com/html/modaz/shop-3col-slide.html]
[themesflat.com/html/modaz/shop-detail-des.html]
[themesflat.com/html/modaz/shop-detail-exter.html]
[themesflat.com/html/modaz/shop-detail-option.html]
[themesflat.com/html/modaz/shop-detail-fix.html]
[themesflat.com/html/modaz/shop-detail-zoom.html]
[themesflat.com/html/modaz/shop-detail-group.html]
[themesflat.com/html/modaz/shop-detail-video.html]
[themesflat.com/html/modaz/coming-soon.html]
[themesflat.com/html/modaz/404.html]
[themesflat.com/html/modaz/faqs.html]
[themesflat.com/html/modaz/blog-list.html]
[themesflat.com/html/modaz/blog-list-1.html]
[themesflat.com/html/modaz/blog-list-2.html]
[themesflat.com/html/modaz/blog-grid.html]
[themesflat.com/html/modaz/blog-grid-1.html]
[themesflat.com/html/modaz/blog-detail.html]
[themesflat.com/html/modaz/contact.html]
[themesflat.com/html/modaz/contact-v2.html]
[themesflat.com/html/modaz/images/slider/slider-bg-5.jpg]
[themesflat.com/html/modaz/images/slider/slider-bg-1.jpg]
[themesflat.com/html/modaz/images/image-box/imgbox-1-375x500.jpg]
[themesflat.com/html/modaz/images/image-box/imgbox-1-375x240.jpg]
[themesflat.com/html/modaz/images/image-box/imgbox-2-375x240.jpg]
[themesflat.com/html/modaz/images/image-box/imgbox-2-375x500.jpg]
[themesflat.com/html/modaz/images/shop/sh-4/13.jpg]
[themesflat.com/html/modaz/images/shop/sh-4/14.jpg]
[themesflat.com/html/modaz/images/shop/sh-4/15.jpg]
[themesflat.com/html/modaz/images/shop/sh-4/16.jpg]
[themesflat.com/html/modaz/images/shop/sh-4/1.jpg]
[themesflat.com/html/modaz/images/shop/sh-4/2.jpg]
[themesflat.com/html/modaz/images/shop/sh-4/3.jpg]
[themesflat.com/html/modaz/images/shop/sh-4/4.jpg]
[themesflat.com/html/modaz/images/shop/sh-4/5.jpg]
[themesflat.com/html/modaz/images/shop/sh-4/6.jpg]
[themesflat.com/html/modaz/images/shop/sh-4/7.jpg]
[themesflat.com/html/modaz/images/shop/sh-4/8.jpg]
[themesflat.com/html/modaz/images/blog/new-lastest-1-370x280.jpg]
[themesflat.com/html/modaz/images/blog/new-lastest-2-370x280.jpg]
[themesflat.com/html/modaz/images/blog/new-lastest-3-370x280.jpg]
[themesflat.com/html/modaz/images/logo@2x.png]
[themesflat.com/html/modaz/javascript/jquery.min.js]
[themesflat.com/html/modaz/javascript/tether.min.js]
[themesflat.com/html/modaz/javascript/bootstrap.min.js]
[themesflat.com/html/modaz/javascript/jquery.easing.js]
[themesflat.com/html/modaz/javascript/parallax.js]
[themesflat.com/html/modaz/javascript/jquery-waypoints.js]
[themesflat.com/html/modaz/javascript/jquery-countTo.js]
[themesflat.com/html/modaz/javascript/jquery.countdown.js]
[themesflat.com/html/modaz/javascript/jquery.flexslider-min.js]
[themesflat.com/html/modaz/javascript/images-loaded.js]
[themesflat.com/html/modaz/javascript/jquery.isotope.min.js]
[themesflat.com/html/modaz/javascript/magnific.popup.min.js]
[themesflat.com/html/modaz/javascript/jquery.hoverdir.js]
[themesflat.com/html/modaz/javascript/owl.carousel.min.js]
[themesflat.com/html/modaz/javascript/equalize.min.js]
[themesflat.com/html/modaz/javascript/gmap3.min.js]
[themesflat.com/html/modaz/javascript/jquery-ui.js]
[themesflat.com/html/modaz/javascript/switcher.js]
[themesflat.com/html/modaz/javascript/jquery.cookie.js]
[themesflat.com/html/modaz/javascript/main.js]
[themesflat.com/html/modaz/rev-slider/js/jquery.themepunch.tools.min.js]
[themesflat.com/html/modaz/rev-slider/js/jquery.themepunch.revolution.min.js]
[themesflat.com/html/modaz/javascript/rev-slider.js]
[themesflat.com/html/modaz/rev-slider/js/extensions/revolution.extension.actions.min.js]
[themesflat.com/html/modaz/rev-slider/js/extensions/revolution.extension.carousel.min.js]
[themesflat.com/html/modaz/rev-slider/js/extensions/revolution.extension.kenburn.min.js]
[themesflat.com/html/modaz/rev-slider/js/extensions/revolution.extension.layeranimation.min.js]
[themesflat.com/html/modaz/rev-slider/js/extensions/revolution.extension.migration.min.js]
[themesflat.com/html/modaz/rev-slider/js/extensions/revolution.extension.navigation.min.js]
[themesflat.com/html/modaz/rev-slider/js/extensions/revolution.extension.parallax.min.js]
[themesflat.com/html/modaz/rev-slider/js/extensions/revolution.extension.slideanims.min.js]
[themesflat.com/html/modaz/rev-slider/js/extensions/revolution.extension.video.min.js]
[themesflat.com/html/modaz/index.html]
[themesflat.com/html/modaz/stylesheets/bootstrap.css]
[themesflat.com/html/modaz/images/blog/search_icon.png]
[themesflat.com/html/modaz/images/parallax/bg-parallax1.jpg]
[themesflat.com/html/modaz/images/parallax/bg-parallax2.jpg]
[themesflat.com/html/modaz/images/parallax/bg-parallax4.jpg]
[themesflat.com/html/modaz/images/parallax/bg-parallax3.jpg]
[themesflat.com/html/modaz/stylesheets/style.css]
[themesflat.com/html/modaz/stylesheets/responsive.css]
[themesflat.com/html/modaz/stylesheets/colors/color1.css]
[themesflat.com/html/modaz/stylesheets/animate.css]
[themesflat.com/html/modaz/images/slider/slider-bg-3.jpg]
[themesflat.com/html/modaz/images/image-box/imgbox-1-370x270.jpg]
[themesflat.com/html/modaz/images/image-box/imgbox-2-370x270.jpg]
[themesflat.com/html/modaz/images/image-box/imgbox-3-370x270.jpg]
[themesflat.com/html/modaz/images/shop/sh-5/1.jpg]
[themesflat.com/html/modaz/images/shop/sh-5/2.jpg]
[themesflat.com/html/modaz/images/shop/sh-5/3.jpg]
[themesflat.com/html/modaz/images/shop/sh-5/4.jpg]
[themesflat.com/html/modaz/images/shop/sh-5/5.jpg]
[themesflat.com/html/modaz/images/blog/new-lastest-4-370x280.jpg]
[themesflat.com/html/modaz/images/blog/new-lastest-5-370x280.jpg]
[themesflat.com/html/modaz/images/blog/new-lastest-6-370x280.jpg]
[themesflat.com/html/modaz/index-v2.html]
[themesflat.com/html/modaz/images/slider/slider-bg-2.jpg]
[themesflat.com/html/modaz/images/image-box/imgbox-1-450x320.jpg]
[themesflat.com/html/modaz/images/image-box/imgbox-2-450x320.jpg]
[themesflat.com/html/modaz/images/image-box/imgbox-3-450x320.jpg]
[themesflat.com/html/modaz/images/shop/sh-4/9.jpg]
[themesflat.com/html/modaz/images/shop/sh-4/10.jpg]
[themesflat.com/html/modaz/images/shop/sh-4/11.jpg]
[themesflat.com/html/modaz/images/shop/sh-4/12.jpg]
[themesflat.com/html/modaz/index-v3.html]
[themesflat.com/html/modaz/images/slider/slider-bg-4.jpg]
[themesflat.com/html/modaz/images/slider/slider-bg-7.jpg]
[themesflat.com/html/modaz/index-v4.html]
[themesflat.com/html/modaz/images/shop/sh-3/10.jpg]
[themesflat.com/html/modaz/images/shop/sh-3/11.jpg]
[themesflat.com/html/modaz/images/shop/sh-3/12.jpg]
[themesflat.com/html/modaz/images/shop/sh-3/13.jpg]
[themesflat.com/html/modaz/images/shop/sh-3/14.jpg]
[themesflat.com/html/modaz/images/shop/sh-3/15.jpg]
[themesflat.com/html/modaz/images/shop/sh-3/16.jpg]
[themesflat.com/html/modaz/images/shop/sh-3/17.jpg]
[themesflat.com/html/modaz/images/shop/sh-3/18.jpg]
[themesflat.com/html/modaz/images/shop/sh-3/19.jpg]
[themesflat.com/html/modaz/images/shop/sh-3/20.jpg]
[themesflat.com/html/modaz/images/shop/sh-3/21.jpg]
[themesflat.com/html/modaz/index-v5.html]
[themesflat.com/html/modaz/images/image-box/imgbox-1-1173x620.jpg]
[themesflat.com/html/modaz/images/image-box/imgbox-1-576x300.jpg]
[themesflat.com/html/modaz/images/image-box/imgbox-2-576x300.jpg]
[themesflat.com/html/modaz/images/image-box/imgbox-3-576x300.jpg]
[themesflat.com/html/modaz/images/image-box/imgbox-4-576x300.jpg]
[themesflat.com/html/modaz/images/image-box/imgbox-5-576x300.jpg]
[themesflat.com/html/modaz/images/gallery/gallery-1-870x377.jpg]
[themesflat.com/html/modaz/images/gallery/gallery-2-870x377.jpg]
[themesflat.com/html/modaz/images/instagram/instagram-1-337x280.jpg]
[themesflat.com/html/modaz/images/instagram/instagram-2-337x280.jpg]
[themesflat.com/html/modaz/images/instagram/instagram-3-337x280.jpg]
[themesflat.com/html/modaz/images/instagram/instagram-4-337x280.jpg]
[themesflat.com/html/modaz/images/instagram/instagram-5-337x280.jpg]
[themesflat.com/html/modaz/index-v6.html]
[themesflat.com/html/modaz/images/image-box/imgbox-1-930x930.jpg]
[themesflat.com/html/modaz/images/image-box/imgbox-1-455x455.jpg]
[themesflat.com/html/modaz/images/image-box/imgbox-2-455x455.jpg]
[themesflat.com/html/modaz/images/image-box/imgbox-3-455x455.jpg]
[themesflat.com/html/modaz/images/image-box/imgbox-4-455x455.jpg]
[themesflat.com/html/modaz/images/image-box/imgbox-1-610x377.jpg]
[themesflat.com/html/modaz/images/image-box/imgbox-2-610x377.jpg]
[themesflat.com/html/modaz/images/image-box/imgbox-3-610x377.jpg]
[themesflat.com/html/modaz/index-v7.html]
[themesflat.com/html/modaz/images/image-box/imgbox-1-575x575.jpg]
[themesflat.com/html/modaz/images/image-box/imgbox-2-575x575.jpg]
[themesflat.com/html/modaz/images/image-box/imgbox-1-277x277.jpg]
[themesflat.com/html/modaz/images/image-box/imgbox-2-277x277.jpg]
[themesflat.com/html/modaz/images/image-box/imgbox-1-575x277.jpg]
[themesflat.com/html/modaz/index-v8.html]
[themesflat.com/html/modaz/images/shop/sh-4/17.jpg]
[themesflat.com/html/modaz/images/shop/sh-4/18.jpg]
[themesflat.com/html/modaz/images/shop/sh-4/19.jpg]
[themesflat.com/html/modaz/images/shop/sh-4/20.jpg]
[themesflat.com/html/modaz/images/shop/sh-4/21.jpg]
[themesflat.com/html/modaz/images/shop/sh-4/22.jpg]
[themesflat.com/html/modaz/images/shop/sh-4/23.jpg]
[themesflat.com/html/modaz/images/shop/sh-4/24.jpg]
[themesflat.com/html/modaz/images/blog/new-lastest-7-370x280.jpg]
[themesflat.com/html/modaz/images/blog/new-lastest-8-370x280.jpg]
[themesflat.com/html/modaz/images/blog/new-lastest-9-370x280.jpg]
[themesflat.com/html/modaz/index-v9.html]
[themesflat.com/html/modaz/images/slider/slider-bg-8.jpg]
[themesflat.com/html/modaz/images/image-box/imgbox-1-370x370.jpg]
[themesflat.com/html/modaz/images/image-box/imgbox-2-370x370.jpg]
[themesflat.com/html/modaz/images/image-box/imgbox-3-370x370.jpg]
[themesflat.com/html/modaz/images/image-box/imgbox-4-370x370.jpg]
[themesflat.com/html/modaz/images/image-box/imgbox-5-370x370.jpg]
[themesflat.com/html/modaz/images/image-box/imgbox-6-370x370.jpg]
[themesflat.com/html/modaz/images/shop/sh-4/25.jpg]
[themesflat.com/html/modaz/images/shop/sh-4/26.jpg]
[themesflat.com/html/modaz/images/shop/sh-4/27.jpg]
[themesflat.com/html/modaz/images/shop/sh-4/28.jpg]
[themesflat.com/html/modaz/images/shop/sh-4/29.jpg]
[themesflat.com/html/modaz/images/shop/sh-4/30.jpg]
[themesflat.com/html/modaz/images/shop/sh-4/31.jpg]
[themesflat.com/html/modaz/images/shop/sh-4/32.jpg]
[themesflat.com/html/modaz/index-v10.html]
[themesflat.com/html/modaz/images/shop/sh-3/1.jpg]
[themesflat.com/html/modaz/images/shop/sh-3/2.jpg]
[themesflat.com/html/modaz/images/shop/sh-3/3.jpg]
[themesflat.com/html/modaz/images/shop/sh-3/4.jpg]
[themesflat.com/html/modaz/images/shop/sh-3/5.jpg]
[themesflat.com/html/modaz/images/shop/sh-3/6.jpg]
[themesflat.com/html/modaz/images/shop/sh-3/7.jpg]
[themesflat.com/html/modaz/images/shop/sh-3/8.jpg]
[themesflat.com/html/modaz/images/shop/sh-3/9.jpg]
[themesflat.com/html/modaz/shop-3col.html]
[themesflat.com/html/modaz/shop-4col.html]
[themesflat.com/html/modaz/images/shop/sh-5/6.jpg]
[themesflat.com/html/modaz/images/shop/sh-5/7.jpg]
[themesflat.com/html/modaz/images/shop/sh-5/8.jpg]
[themesflat.com/html/modaz/images/shop/sh-5/9.jpg]
[themesflat.com/html/modaz/images/shop/sh-5/10.jpg]
[themesflat.com/html/modaz/images/shop/sh-5/11.jpg]
[themesflat.com/html/modaz/images/shop/sh-5/12.jpg]
[themesflat.com/html/modaz/images/shop/sh-5/13.jpg]
[themesflat.com/html/modaz/images/shop/sh-5/14.jpg]
[themesflat.com/html/modaz/images/shop/sh-5/15.jpg]
[themesflat.com/html/modaz/shop-5col.html]
[themesflat.com/html/modaz/shop-3col-slide.html]
[themesflat.com/html/modaz/images/shop/sh-detail/thumb-detail-01.jpg]
[themesflat.com/html/modaz/images/shop/sh-detail/detail-01.jpg]
[themesflat.com/html/modaz/images/shop/sh-detail/thumb-detail-02.jpg]
[themesflat.com/html/modaz/images/shop/sh-detail/thumb-detail-03.jpg]
[themesflat.com/html/modaz/images/shop/sh-detail/thumb-detail-04.jpg]
[themesflat.com/html/modaz/images/shop/sh-detail/detail-desc-01.jpg]
[themesflat.com/html/modaz/images/shop/sh-detail/detail-desc-02.jpg]
[themesflat.com/html/modaz/images/shop/sh-detail/detail-desc-03.jpg]
[themesflat.com/html/modaz/images/shop/sh-detail/detail-desc-04.jpg]
[themesflat.com/html/modaz/images/avatar-1.png]
[themesflat.com/html/modaz/images/avatar.png]
[themesflat.com/html/modaz/shop-detail-des.html]
[themesflat.com/html/modaz/images/shop/sh-detail/thumb-detail-05.jpg]
[themesflat.com/html/modaz/images/shop/sh-detail/detail-02.jpg]
[themesflat.com/html/modaz/images/shop/sh-detail/thumb-detail-06.jpg]
[themesflat.com/html/modaz/images/shop/sh-detail/thumb-detail-07.jpg]
[themesflat.com/html/modaz/images/shop/sh-detail/thumb-detail-08.jpg]
[themesflat.com/html/modaz/images/shop/sh-detail/thumb-detail-09.jpg]
[themesflat.com/html/modaz/shop-detail-exter.html]
[themesflat.com/html/modaz/shop-detail-option.html]
[themesflat.com/html/modaz/images/shop/sh-detail/detail-03.jpg]
[themesflat.com/html/modaz/images/shop/sh-detail/detail-04.jpg]
[themesflat.com/html/modaz/images/shop/sh-detail/detail-05.jpg]
[themesflat.com/html/modaz/images/shop/sh-detail/detail-06.jpg]
[themesflat.com/html/modaz/shop-detail-fix.html]
[themesflat.com/html/modaz/images/shop/sh-detail/thumb-detail-12.jpg]
[themesflat.com/html/modaz/images/shop/sh-detail/detail-07.jpg]
[themesflat.com/html/modaz/images/shop/sh-detail/thumb-detail-11.jpg]
[themesflat.com/html/modaz/images/shop/sh-detail/thumb-detail-10.jpg]
[themesflat.com/html/modaz/shop-detail-zoom.html]
[themesflat.com/html/modaz/shop-detail-group.html]
[themesflat.com/html/modaz/shop-detail-video.html]
[themesflat.com/html/modaz/coming-soon.html]
[themesflat.com/html/modaz/404.html]
[themesflat.com/html/modaz/faqs.html]
[themesflat.com/html/modaz/images/blog/1.jpg]
[themesflat.com/html/modaz/images/blog/2.jpg]
[themesflat.com/html/modaz/images/blog/3.jpg]
[themesflat.com/html/modaz/blog-list.html]
[themesflat.com/html/modaz/images/blog/4.jpg]
[themesflat.com/html/modaz/images/blog/5.jpg]
[themesflat.com/html/modaz/images/blog/6.jpg]
[themesflat.com/html/modaz/blog-list-1.html]
[themesflat.com/html/modaz/images/blog/7.jpg]
[themesflat.com/html/modaz/images/blog/8.jpg]
[themesflat.com/html/modaz/images/blog/9.jpg]
[themesflat.com/html/modaz/images/blog/10.jpg]
[themesflat.com/html/modaz/blog-list-2.html]
[themesflat.com/html/modaz/images/blog/11.jpg]
[themesflat.com/html/modaz/images/blog/12.jpg]
[themesflat.com/html/modaz/images/blog/13.jpg]
[themesflat.com/html/modaz/images/blog/14.jpg]
[themesflat.com/html/modaz/images/blog/15.jpg]
[themesflat.com/html/modaz/images/blog/16.jpg]
[themesflat.com/html/modaz/images/blog/17.jpg]
[themesflat.com/html/modaz/images/blog/18.jpg]
[themesflat.com/html/modaz/images/blog/19.jpg]
[themesflat.com/html/modaz/blog-grid.html]
[themesflat.com/html/modaz/images/blog/20.jpg]
[themesflat.com/html/modaz/blog-grid-1.html]
[themesflat.com/html/modaz/images/blog/21.jpg]
[themesflat.com/html/modaz/images/blog/comment1.png]
[themesflat.com/html/modaz/images/blog/comment1-1.png]
[themesflat.com/html/modaz/images/blog/comment2.png]
[themesflat.com/html/modaz/blog-detail.html]
[themesflat.com/html/modaz/contact.html]
[themesflat.com/html/modaz/contact-v2.html]
[themesflat.com/html/modaz/javascript/jquery-ui.js]
[themesflat.com/html/modaz/fonts/fontawesome-webfont5b62.eot]
[themesflat.com/html/modaz/fonts/fontawesome-webfontd41d.eot]
[themesflat.com/html/modaz/fonts/fontawesome-webfont5b62.woff2]
[themesflat.com/html/modaz/fonts/fontawesome-webfont5b62.woff]
[themesflat.com/html/modaz/fonts/fontawesome-webfont5b62.ttf]
[themesflat.com/html/modaz/stylesheets/font-awesome.css]
[themesflat.com/html/modaz/images/bg-countdown-1-962x506.jpg]
[themesflat.com/html/modaz/images/image-box/imgbox-1-960x800.jpg]
[themesflat.com/html/modaz/images/image-box/imgbox-2-960x800.jpg]
[themesflat.com/html/modaz/images/image-box/imgbox-3-960x800.jpg]
[themesflat.com/html/modaz/images/image-box/imgbox-4-960x800.jpg]
[themesflat.com/html/modaz/stylesheets/shortcodes.css]
[themesflat.com/html/modaz/stylesheets/images/ui-icons_444444_256x240.111.delayed]
[themesflat.com/html/modaz/stylesheets/images/ui-icons_555555_256x240.png]
[themesflat.com/html/modaz/stylesheets/images/ui-icons_ffffff_256x240.png]
[themesflat.com/html/modaz/stylesheets/images/ui-icons_777620_256x240.png]
[themesflat.com/html/modaz/stylesheets/images/ui-icons_cc0000_256x240.png]
[themesflat.com/html/modaz/stylesheets/images/ui-icons_777777_256x240.png]
[themesflat.com/html/modaz/stylesheets/jquery-ui.css]
[themesflat.com/html/modaz/stylesheets/fonts/flexslider-icon.eot]
[themesflat.com/html/modaz/stylesheets/fonts/flexslider-icond41d.eot]
[themesflat.com/html/modaz/stylesheets/fonts/flexslider-icon.woff]
[themesflat.com/html/modaz/stylesheets/fonts/flexslider-icon.ttf]
[themesflat.com/html/modaz/stylesheets/fonts/flexslider-icon.svg]
[themesflat.com/html/modaz/stylesheets/flexslider.css]
[themesflat.com/html/modaz/stylesheets/owl.video.play.png]
[themesflat.com/html/modaz/stylesheets/owl.carousel.css]
[themesflat.com/html/modaz/img/star.png]
[themesflat.com/html/modaz/stylesheets/woocommerce.css]
[themesflat.com/html/modaz/stylesheets/magnific-popup.css]
[themesflat.com/html/modaz/rev-slider/fonts/revicons/revicons90c690c6.eot]
[themesflat.com/html/modaz/rev-slider/fonts/revicons/revicons90c690c6.woff]
[themesflat.com/html/modaz/rev-slider/fonts/revicons/revicons90c690c6.ttf]
[themesflat.com/html/modaz/rev-slider/css/openhand.123]
[themesflat.com/html/modaz/rev-slider/css/closedhand.123]
[themesflat.com/html/modaz/rev-slider/assets/gridtile.png]
[themesflat.com/html/modaz/rev-slider/assets/gridtile_white.png]
[themesflat.com/html/modaz/rev-slider/assets/gridtile_3x3.png]
[themesflat.com/html/modaz/rev-slider/assets/gridtile_3x3_white.png]
[themesflat.com/html/modaz/rev-slider/assets/coloredbg.png]
[themesflat.com/html/modaz/rev-slider/assets/loader.gif]
[themesflat.com/html/modaz/rev-slider/css/settings.css]
[themesflat.com/html/modaz/rev-slider/css/layers.css]
[themesflat.com/html/modaz/rev-slider/css/navigation.css]
[themesflat.com/html/modaz/fonts/fontawesome-webfont5b62.svg]
[themesflat.com/html/modaz/stylesheets/images/ui-icons_444444_256x240.html]
[themesflat.com/html/modaz/stylesheets/images/ui-icons_555555_256x240.html]
[themesflat.com/html/modaz/stylesheets/images/ui-icons_ffffff_256x240.html]
[themesflat.com/html/modaz/stylesheets/images/ui-icons_777620_256x240.html]
[themesflat.com/html/modaz/stylesheets/images/ui-icons_cc0000_256x240.html]
[themesflat.com/html/modaz/stylesheets/images/ui-icons_777777_256x240.html]
[themesflat.com/html/modaz/stylesheets/fonts/flexslider-icon.html]
[themesflat.com/html/modaz/stylesheets/fonts/flexslider-icond41d.html]
[themesflat.com/html/modaz/stylesheets/fonts/flexslider-icon-2.html]
[themesflat.com/html/modaz/stylesheets/fonts/flexslider-icon-3.html]
[themesflat.com/html/modaz/stylesheets/fonts/flexslider-icon-4.html]
[themesflat.com/html/modaz/stylesheets/owl.video.play.html]
[themesflat.com/html/modaz/img/star.html]
[themesflat.com/html/modaz/rev-slider/fonts/revicons/revicons90c690c6.svg]
